05-07 01:43:49.176  9955  9977 I TestRunner: started: mainActivityTest(com.example.group13zoosearch.MainActivityTest)
05-07 01:43:49.180  9955  9977 W ActivityTestRule: getActivityIntent() returned null using default: Intent(Intent.ACTION_MAIN)
05-07 01:43:49.183   511   549 D EventSequenceValidator: Transition from ACTIVITY_FINISHED to INTENT_STARTED
05-07 01:43:49.186   404   404 I perfetto: ing_service_impl.cc:758 Configured tracing session 16, #sources:1, duration:5000 ms, #buffers:1, total buffer size:4096 KB, total sessions:1, uid:1071 session name: ""
05-07 01:43:49.186   402   402 I perfetto: probes_producer.cc:230  Ftrace setup (target_buf=16)
05-07 01:43:49.191   511   549 D EventSequenceValidator: Transition from INTENT_STARTED to ACTIVITY_LAUNCHED
05-07 01:43:49.193   511  1653 W InputReader: Device virtio_input_multi_touch_9 is associated with display ADISPLAY_ID_NONE.
05-07 01:43:49.193   511  1653 W InputReader: Device virtio_input_multi_touch_7 is associated with display ADISPLAY_ID_NONE.
05-07 01:43:49.193   511  1653 W InputReader: Device virtio_input_multi_touch_10 is associated with display ADISPLAY_ID_NONE.
05-07 01:43:49.193   511  1653 W InputReader: Device virtio_input_multi_touch_4 is associated with display ADISPLAY_ID_NONE.
05-07 01:43:49.193   511  1653 W InputReader: Device virtio_input_multi_touch_11 is associated with display ADISPLAY_ID_NONE.
05-07 01:43:49.193   511  1653 W InputReader: Device virtio_input_multi_touch_5 is associated with display ADISPLAY_ID_NONE.
05-07 01:43:49.193   511  1653 W InputReader: Device virtio_input_multi_touch_2 is associated with display ADISPLAY_ID_NONE.
05-07 01:43:49.193   511  1653 W InputReader: Device virtio_input_multi_touch_6 is associated with display ADISPLAY_ID_NONE.
05-07 01:43:49.193   511  1653 W InputReader: Device virtio_input_multi_touch_3 is associated with display ADISPLAY_ID_NONE.
05-07 01:43:49.193   511  1653 W InputReader: Device virtio_input_multi_touch_8 is associated with display ADISPLAY_ID_NONE.
05-07 01:43:49.194   511  1653 W InputReader: Device virtio_input_multi_touch_9 is associated with display ADISPLAY_ID_NONE.
05-07 01:43:49.194   511  1653 W InputReader: Device virtio_input_multi_touch_7 is associated with display ADISPLAY_ID_NONE.
05-07 01:43:49.194   511  1653 W InputReader: Device virtio_input_multi_touch_10 is associated with display ADISPLAY_ID_NONE.
05-07 01:43:49.194   511  1653 W InputReader: Device virtio_input_multi_touch_4 is associated with display ADISPLAY_ID_NONE.
05-07 01:43:49.194   511  1653 W InputReader: Device virtio_input_multi_touch_11 is associated with display ADISPLAY_ID_NONE.
05-07 01:43:49.194   511  1653 W InputReader: Device virtio_input_multi_touch_5 is associated with display ADISPLAY_ID_NONE.
05-07 01:43:49.194   511  1653 W InputReader: Device virtio_input_multi_touch_2 is associated with display ADISPLAY_ID_NONE.
05-07 01:43:49.194   511  1653 W InputReader: Device virtio_input_multi_touch_6 is associated with display ADISPLAY_ID_NONE.
05-07 01:43:49.194   511  1653 W InputReader: Device virtio_input_multi_touch_3 is associated with display ADISPLAY_ID_NONE.
05-07 01:43:49.194   511  1653 W InputReader: Device virtio_input_multi_touch_8 is associated with display ADISPLAY_ID_NONE.
05-07 01:43:49.213   402   402 I perfetto: ftrace_procfs.cc:176    enabled ftrace
05-07 01:43:49.219   315   369 D goldfish-address-space: claimShared: Ask to claim region [0x3f57bb000 0x3f5fa4000]
05-07 01:43:49.270  9955  9955 D LifecycleMonitor: Lifecycle status change: com.example.group13zoosearch.MainActivity@ec91762 in: PRE_ON_CREATE
05-07 01:43:49.307  9955  9987 D libEGL  : loaded /vendor/lib/egl/libEGL_emulation.so
05-07 01:43:49.309  9955  9987 D libEGL  : loaded /vendor/lib/egl/libGLESv1_CM_emulation.so
05-07 01:43:49.313  9955  9987 D libEGL  : loaded /vendor/lib/egl/libGLESv2_emulation.so
05-07 01:43:49.350  9955  9955 W roup13zoosearc: Accessing hidden method Landroid/view/View;->computeFitSystemWindows(Landroid/graphics/Rect;Landroid/graphics/Rect;)Z (greylist, reflection, allowed)
05-07 01:43:49.350  9955  9955 W roup13zoosearc: Accessing hidden method Landroid/view/ViewGroup;->makeOptionalFitsSystemWindows()V (greylist, reflection, allowed)
05-07 01:43:49.421  9955  9955 D LifecycleMonitor: Lifecycle status change: com.example.group13zoosearch.MainActivity@ec91762 in: CREATED
05-07 01:43:49.426  9955  9955 D LifecycleMonitor: Lifecycle status change: com.example.group13zoosearch.MainActivity@ec91762 in: STARTED
05-07 01:43:49.427  9955  9955 D LifecycleMonitor: Lifecycle status change: com.example.group13zoosearch.MainActivity@ec91762 in: RESUMED
05-07 01:43:49.544  9955  9985 D HostConnection: HostConnection::get() New Host Connection established 0xf645df20, tid 9985
05-07 01:43:49.548  9955  9985 D HostConnection: HostComposition ext ANDROID_EMU_CHECKSUM_HELPER_v1 ANDROID_EMU_native_sync_v2 ANDROID_EMU_native_sync_v3 ANDROID_EMU_native_sync_v4 ANDROID_EMU_dma_v1 ANDROID_EMU_direct_mem ANDROID_EMU_host_composition_v1 ANDROID_EMU_host_composition_v2 ANDROID_EMU_vulkan ANDROID_EMU_deferred_vulkan_commands ANDROID_EMU_vulkan_null_optional_strings ANDROID_EMU_vulkan_create_resources_with_requirements ANDROID_EMU_YUV_Cache ANDROID_EMU_async_unmap_buffer ANDROID_EMU_vulkan_ignored_handles ANDROID_EMU_has_shared_slots_host_memory_allocator ANDROID_EMU_vulkan_free_memory_sync ANDROID_EMU_vulkan_shader_float16_int8 ANDROID_EMU_vulkan_async_queue_submit ANDROID_EMU_sync_buffer_data GL_OES_vertex_array_object GL_KHR_texture_compression_astc_ldr ANDROID_EMU_host_side_tracing ANDROID_EMU_async_frame_commands ANDROID_EMU_gles_max_version_2
05-07 01:43:49.553   172   172 I hwservicemanager: getTransport: Cannot find entry android.hardware.configstore@1.0::ISurfaceFlingerConfigs/default in either framework or device manifest.
05-07 01:43:49.555  9955  9985 W OpenGLRenderer: Failed to choose config with EGL_SWAP_BEHAVIOR_PRESERVED, retrying without...
05-07 01:43:49.581  9955  9985 D EGL_emulation: eglCreateContext: 0xf645e070: maj 2 min 0 rcv 2
05-07 01:43:49.640  9955  9985 D EGL_emulation: eglMakeCurrent: 0xf645e070: ver 2 0 (tinfo 0xf67b21f0) (first time)
05-07 01:43:49.647   315   369 D goldfish-address-space: claimShared: Ask to claim region [0x3f5fa4000 0x3f678d000]
05-07 01:43:49.663   172   172 I hwservicemanager: getTransport: Cannot find entry android.hardware.graphics.mapper@4.0::IMapper/default in either framework or device manifest.
05-07 01:43:49.663  9955  9985 I Gralloc4: mapper 4.x is not supported
05-07 01:43:49.664  9955  9985 D HostConnection: createUnique: call
05-07 01:43:49.665  9955  9985 D HostConnection: HostConnection::get() New Host Connection established 0xf645da50, tid 9985
05-07 01:43:49.665  9955  9985 D goldfish-address-space: allocate: Ask for block of size 0x100
05-07 01:43:49.665  9955  9985 D goldfish-address-space: allocate: ioctl allocate returned offset 0x3f3ffe000 size 0x2000
05-07 01:43:49.670  9955  9985 D HostConnection: HostComposition ext ANDROID_EMU_CHECKSUM_HELPER_v1 ANDROID_EMU_native_sync_v2 ANDROID_EMU_native_sync_v3 ANDROID_EMU_native_sync_v4 ANDROID_EMU_dma_v1 ANDROID_EMU_direct_mem ANDROID_EMU_host_composition_v1 ANDROID_EMU_host_composition_v2 ANDROID_EMU_vulkan ANDROID_EMU_deferred_vulkan_commands ANDROID_EMU_vulkan_null_optional_strings ANDROID_EMU_vulkan_create_resources_with_requirements ANDROID_EMU_YUV_Cache ANDROID_EMU_async_unmap_buffer ANDROID_EMU_vulkan_ignored_handles ANDROID_EMU_has_shared_slots_host_memory_allocator ANDROID_EMU_vulkan_free_memory_sync ANDROID_EMU_vulkan_shader_float16_int8 ANDROID_EMU_vulkan_async_queue_submit ANDROID_EMU_sync_buffer_data GL_OES_vertex_array_object GL_KHR_texture_compression_astc_ldr ANDROID_EMU_host_side_tracing ANDROID_EMU_async_frame_commands ANDROID_EMU_gles_max_version_2
05-07 01:43:49.670   315   369 D goldfish-address-space: claimShared: Ask to claim region [0x3f678d000 0x3f6f76000]
05-07 01:43:49.685   315   369 D goldfish-address-space: claimShared: Ask to claim region [0x3f6f76000 0x3f775f000]
05-07 01:43:49.890   511   549 D EventSequenceValidator: Transition from ACTIVITY_LAUNCHED to ACTIVITY_FINISHED
05-07 01:43:49.891   511   554 D ArtManagerInternalImpl: /data/misc/iorapd/com.example.group13zoosearch/1/com.example.group13zoosearch.MainActivity/compiled_traces/compiled_trace.pb doesn't exist
05-07 01:43:49.892   511   554 I ActivityTaskManager: Displayed com.example.group13zoosearch/.MainActivity: +706ms
05-07 01:43:49.968  6753  6879 I FontLog : Received query Noto Color Emoji Compat, URI content://com.google.android.gms.fonts [CONTEXT service_id=132 ]
05-07 01:43:49.968  6753  6879 I FontLog : Query [emojicompat-emoji-font] resolved to {Noto Color Emoji Compat, wdth 100.0, wght 400, ital 0.0, bestEffort false} [CONTEXT service_id=132 ]
05-07 01:43:49.970  6753  6879 I FontLog : Fetch {Noto Color Emoji Compat, wdth 100.0, wght 400, ital 0.0, bestEffort false} end status Status{statusCode=SUCCESS, resolution=null} [CONTEXT service_id=132 ]
05-07 01:43:49.980  6753  6879 I FontLog : Pulling font file for id = 8, cache size = 4 [CONTEXT service_id=132 ]
05-07 01:43:49.986  6753  6879 I FontLog : Pulling font file for id = 8, cache size = 4 [CONTEXT service_id=132 ]
05-07 01:43:50.089  8471  9626 I PBSessionCacheImpl: Deleted sessionId[37257503906348164] from persistence.
05-07 01:43:50.111  8471  8549 W SearchServiceCore: Abort, client detached.
05-07 01:43:50.123  9955  9977 W FileTestStorage: Output properties is not supported.
05-07 01:43:50.125  9955  9977 I Tracing : Tracer added: class androidx.test.platform.tracing.AndroidXTracer
05-07 01:43:50.137  9955  9977 D EventInjectionStrategy: Creating injection strategy with input manager.
05-07 01:43:50.138  9955  9977 W roup13zoosearc: Accessing hidden method Landroid/hardware/input/InputManager;->getInstance()Landroid/hardware/input/InputManager; (greylist, reflection, allowed)
05-07 01:43:50.138  9955  9977 W roup13zoosearc: Accessing hidden method Landroid/hardware/input/InputManager;->injectInputEvent(Landroid/view/InputEvent;I)Z (greylist, reflection, allowed)
05-07 01:43:50.138  9955  9977 W roup13zoosearc: Accessing hidden field Landroid/hardware/input/InputManager;->INJECT_INPUT_EVENT_MODE_WAIT_FOR_FINISH:I (greylist, reflection, allowed)
05-07 01:43:50.170  9955  9977 W roup13zoosearc: Accessing hidden method Landroid/view/ViewConfiguration;->getDoubleTapMinTime()I (greylist, reflection, allowed)
05-07 01:43:50.172  9955  9977 W FileTestStorage: Test input args is not supported.
05-07 01:43:50.179  9955  9955 W roup13zoosearc: Accessing hidden method Landroid/os/MessageQueue;->next()Landroid/os/Message; (greylist, reflection, allowed)
05-07 01:43:50.180  9955  9955 W roup13zoosearc: Accessing hidden field Landroid/os/MessageQueue;->mMessages:Landroid/os/Message; (greylist, reflection, allowed)
05-07 01:43:50.180  9955  9955 W roup13zoosearc: Accessing hidden method Landroid/os/Message;->recycleUnchecked()V (greylist, reflection, allowed)
05-07 01:43:50.183  9955  9955 W roup13zoosearc: Accessing hidden method Landroid/view/WindowManagerGlobal;->getInstance()Landroid/view/WindowManagerGlobal; (greylist, reflection, allowed)
05-07 01:43:50.184  9955  9955 W roup13zoosearc: Accessing hidden field Landroid/view/WindowManagerGlobal;->mViews:Ljava/util/ArrayList; (greylist, reflection, allowed)
05-07 01:43:50.184  9955  9955 W roup13zoosearc: Accessing hidden field Landroid/view/WindowManagerGlobal;->mParams:Ljava/util/ArrayList; (greylist, reflection, allowed)
05-07 01:43:50.205  9955  9977 D HardwareRendererCompat: Failed to reflectively call HardwareRenderer#isDrawingEnabled. It probably doesn't exist on this platform. Returning true.
05-07 01:43:50.208  9955  9955 D takeScreenshot: Found 1 global views to redraw
05-07 01:43:50.227   315   369 D goldfish-address-space: claimShared: Ask to claim region [0x3f47e9000 0x3f4fd2000]
05-07 01:43:50.304   172   172 I hwservicemanager: getTransport: Cannot find entry android.hardware.graphics.mapper@4.0::IMapper/default in either framework or device manifest.
05-07 01:43:50.304  9941  9954 I Gralloc4: mapper 4.x is not supported
05-07 01:43:50.309  9941  9954 D HostConnection: createUnique: call
05-07 01:43:50.312  9941  9954 D HostConnection: HostConnection::get() New Host Connection established 0xebf42af0, tid 9954
05-07 01:43:50.313  9941  9954 D goldfish-address-space: allocate: Ask for block of size 0x100
05-07 01:43:50.313  9941  9954 D goldfish-address-space: allocate: ioctl allocate returned offset 0x3f3ffe000 size 0x2000
05-07 01:43:50.317  9941  9954 D HostConnection: HostComposition ext ANDROID_EMU_CHECKSUM_HELPER_v1 ANDROID_EMU_native_sync_v2 ANDROID_EMU_native_sync_v3 ANDROID_EMU_native_sync_v4 ANDROID_EMU_dma_v1 ANDROID_EMU_direct_mem ANDROID_EMU_host_composition_v1 ANDROID_EMU_host_composition_v2 ANDROID_EMU_vulkan ANDROID_EMU_deferred_vulkan_commands ANDROID_EMU_vulkan_null_optional_strings ANDROID_EMU_vulkan_create_resources_with_requirements ANDROID_EMU_YUV_Cache ANDROID_EMU_async_unmap_buffer ANDROID_EMU_vulkan_ignored_handles ANDROID_EMU_has_shared_slots_host_memory_allocator ANDROID_EMU_vulkan_free_memory_sync ANDROID_EMU_vulkan_shader_float16_int8 ANDROID_EMU_vulkan_async_queue_submit ANDROID_EMU_sync_buffer_data GL_OES_vertex_array_object GL_KHR_texture_compression_astc_ldr ANDROID_EMU_host_side_tracing ANDROID_EMU_async_frame_commands ANDROID_EMU_gles_max_version_2
05-07 01:43:50.322  9941  9992 D libEGL  : loaded /vendor/lib/egl/libEGL_emulation.so
05-07 01:43:50.322  9941  9992 D libEGL  : loaded /vendor/lib/egl/libGLESv1_CM_emulation.so
05-07 01:43:50.324  9941  9992 D libEGL  : loaded /vendor/lib/egl/libGLESv2_emulation.so
05-07 01:43:50.337  9941  9992 D HostConnection: HostConnection::get() New Host Connection established 0xebf42a10, tid 9992
05-07 01:43:50.340  9941  9992 D HostConnection: HostComposition ext ANDROID_EMU_CHECKSUM_HELPER_v1 ANDROID_EMU_native_sync_v2 ANDROID_EMU_native_sync_v3 ANDROID_EMU_native_sync_v4 ANDROID_EMU_dma_v1 ANDROID_EMU_direct_mem ANDROID_EMU_host_composition_v1 ANDROID_EMU_host_composition_v2 ANDROID_EMU_vulkan ANDROID_EMU_deferred_vulkan_commands ANDROID_EMU_vulkan_null_optional_strings ANDROID_EMU_vulkan_create_resources_with_requirements ANDROID_EMU_YUV_Cache ANDROID_EMU_async_unmap_buffer ANDROID_EMU_vulkan_ignored_handles ANDROID_EMU_has_shared_slots_host_memory_allocator ANDROID_EMU_vulkan_free_memory_sync ANDROID_EMU_vulkan_shader_float16_int8 ANDROID_EMU_vulkan_async_queue_submit ANDROID_EMU_sync_buffer_data GL_OES_vertex_array_object GL_KHR_texture_compression_astc_ldr ANDROID_EMU_host_side_tracing ANDROID_EMU_async_frame_commands ANDROID_EMU_gles_max_version_2
05-07 01:43:50.340   172   172 I hwservicemanager: getTransport: Cannot find entry android.hardware.configstore@1.0::ISurfaceFlingerConfigs/default in either framework or device manifest.
05-07 01:43:50.340  9941  9992 W OpenGLRenderer: Failed to choose config with EGL_SWAP_BEHAVIOR_PRESERVED, retrying without...
05-07 01:43:50.346  9941  9992 D EGL_emulation: eglCreateContext: 0xebf41d60: maj 2 min 0 rcv 2
05-07 01:43:50.378  9941  9992 D EGL_emulation: eglMakeCurrent: 0xebf41d60: ver 2 0 (tinfo 0xec296fd0) (first time)
05-07 01:43:50.423  9955  9977 W DefaultFailureHandler: Failed to take screenshot
05-07 01:43:50.423  9955  9977 W DefaultFailureHandler: java.io.FileNotFoundException: view-op-error-1.png: open failed: EROFS (Read-only file system)
05-07 01:43:50.423  9955  9977 W DefaultFailureHandler: 	at libcore.io.IoBridge.open(IoBridge.java:492)
05-07 01:43:50.423  9955  9977 W DefaultFailureHandler: 	at java.io.FileOutputStream.<init>(FileOutputStream.java:236)
05-07 01:43:50.423  9955  9977 W DefaultFailureHandler: 	at java.io.FileOutputStream.<init>(FileOutputStream.java:125)
05-07 01:43:50.423  9955  9977 W DefaultFailureHandler: 	at androidx.test.platform.io.FileTestStorage.openOutputFile(FileTestStorage.java:60)
05-07 01:43:50.423  9955  9977 W DefaultFailureHandler: 	at androidx.test.core.graphics.BitmapStorage.writeToTestStorage(BitmapStorageExt.kt:49)
05-07 01:43:50.423  9955  9977 W DefaultFailureHandler: 	at androidx.test.espresso.base.DefaultFailureHandler.takeScreenshot(DefaultFailureHandler.java:3)
05-07 01:43:50.423  9955  9977 W DefaultFailureHandler: 	at androidx.test.espresso.base.DefaultFailureHandler.handle(DefaultFailureHandler.java:3)
05-07 01:43:50.423  9955  9977 W DefaultFailureHandler: 	at androidx.test.espresso.ViewInteraction.waitForAndHandleInteractionResults(ViewInteraction.java:5)
05-07 01:43:50.423  9955  9977 W DefaultFailureHandler: 	at androidx.test.espresso.ViewInteraction.desugaredPerform(ViewInteraction.java:11)
05-07 01:43:50.423  9955  9977 W DefaultFailureHandler: 	at androidx.test.espresso.ViewInteraction.perform(ViewInteraction.java:8)
05-07 01:43:50.423  9955  9977 W DefaultFailureHandler: 	at com.example.group13zoosearch.MainActivityTest.mainActivityTest(MainActivityTest.java:54)
05-07 01:43:50.423  9955  9977 W DefaultFailureHandler: 	at java.lang.reflect.Method.invoke(Native Method)
05-07 01:43:50.423  9955  9977 W DefaultFailureHandler: 	at org.junit.runners.model.FrameworkMethod$1.runReflectiveCall(FrameworkMethod.java:59)
05-07 01:43:50.423  9955  9977 W DefaultFailureHandler: 	at org.junit.internal.runners.model.ReflectiveCallable.run(ReflectiveCallable.java:12)
05-07 01:43:50.423  9955  9977 W DefaultFailureHandler: 	at org.junit.runners.model.FrameworkMethod.invokeExplosively(FrameworkMethod.java:56)
05-07 01:43:50.423  9955  9977 W DefaultFailureHandler: 	at org.junit.internal.runners.statements.InvokeMethod.evaluate(InvokeMethod.java:17)
05-07 01:43:50.423  9955  9977 W DefaultFailureHandler: 	at androidx.test.rule.ActivityTestRule$ActivityStatement.evaluate(ActivityTestRule.java:543)
05-07 01:43:50.423  9955  9977 W DefaultFailureHandler: 	at org.junit.runners.ParentRunner$3.evaluate(ParentRunner.java:306)
05-07 01:43:50.423  9955  9977 W DefaultFailureHandler: 	at org.junit.runners.BlockJUnit4ClassRunner$1.evaluate(BlockJUnit4ClassRunner.java:100)
05-07 01:43:50.423  9955  9977 W DefaultFailureHandler: 	at org.junit.runners.ParentRunner.runLeaf(ParentRunner.java:366)
05-07 01:43:50.423  9955  9977 W DefaultFailureHandler: 	at org.junit.runners.BlockJUnit4ClassRunner.runChild(BlockJUnit4ClassRunner.java:103)
05-07 01:43:50.423  9955  9977 W DefaultFailureHandler: 	at org.junit.runners.BlockJUnit4ClassRunner.runChild(BlockJUnit4ClassRunner.java:63)
05-07 01:43:50.423  9955  9977 W DefaultFailureHandler: 	at org.junit.runners.ParentRunner$4.run(ParentRunner.java:331)
05-07 01:43:50.423  9955  9977 W DefaultFailureHandler: 	at org.junit.runners.ParentRunner$1.schedule(ParentRunner.java:79)
05-07 01:43:50.423  9955  9977 W DefaultFailureHandler: 	at org.junit.runners.ParentRunner.runChildren(ParentRunner.java:329)
05-07 01:43:50.423  9955  9977 W DefaultFailureHandler: 	at org.junit.runners.ParentRunner.access$100(ParentRunner.java:66)
05-07 01:43:50.423  9955  9977 W DefaultFailureHandler: 	at org.junit.runners.ParentRunner$2.evaluate(ParentRunner.java:293)
05-07 01:43:50.423  9955  9977 W DefaultFailureHandler: 	at org.junit.runners.ParentRunner$3.evaluate(ParentRunner.java:306)
05-07 01:43:50.423  9955  9977 W DefaultFailureHandler: 	at org.junit.runners.ParentRunner.run(ParentRunner.java:413)
05-07 01:43:50.423  9955  9977 W DefaultFailureHandler: 	at androidx.test.runner.AndroidJUnit4.run(AndroidJUnit4.java:111)
05-07 01:43:50.423  9955  9977 W DefaultFailureHandler: 	at org.junit.runners.Suite.runChild(Suite.java:128)
05-07 01:43:50.423  9955  9977 W DefaultFailureHandler: 	at org.junit.runners.Suite.runChild(Suite.java:27)
05-07 01:43:50.423  9955  9977 W DefaultFailureHandler: 	at org.junit.runners.ParentRunner$4.run(ParentRunner.java:331)
05-07 01:43:50.423  9955  9977 W DefaultFailureHandler: 	at org.junit.runners.ParentRunner$1.schedule(ParentRunner.java:79)
05-07 01:43:50.423  9955  9977 W DefaultFailureHandler: 	at org.junit.runners.ParentRunner.runChildren(ParentRunner.java:329)
05-07 01:43:50.423  9955  9977 W DefaultFailureHandler: 	at org.junit.runners.ParentRunner.access$100(ParentRunner.java:66)
05-07 01:43:50.423  9955  9977 W DefaultFailureHandler: 	at org.junit.runners.ParentRunner$2.evaluate(ParentRunner.java:293)
05-07 01:43:50.423  9955  9977 W DefaultFailureHandler: 	at org.junit.runners.ParentRunner$3.evaluate(ParentRunner.java:306)
05-07 01:43:50.423  9955  9977 W DefaultFailureHandler: 	at org.junit.runners.ParentRunner.run(ParentRunner.java:413)
05-07 01:43:50.423  9955  9977 W DefaultFailureHandler: 	at org.junit.runner.JUnitCore.run(JUnitCore.java:137)
05-07 01:43:50.423  9955  9977 W DefaultFailureHandler: 	at org.junit.runner.JUnitCore.run(JUnitCore.java:115)
05-07 01:43:50.423  9955  9977 W DefaultFailureHandler: 	at androidx.test.internal.runner.TestExecutor.execute(TestExecutor.java:67)
05-07 01:43:50.423  9955  9977 W DefaultFailureHandler: 	at androidx.test.internal.runner.TestExecutor.execute(TestExecutor.java:58)
05-07 01:43:50.423  9955  9977 W DefaultFailureHandler: 	at androidx.test.runner.AndroidJUnitRunner.onStart(AndroidJUnitRunner.java:438)
05-07 01:43:50.423  9955  9977 W DefaultFailureHandler: 	at android.app.Instrumentation$InstrumentationThread.run(Instrumentation.java:2205)
05-07 01:43:50.423  9955  9977 W DefaultFailureHandler: Caused by: android.system.ErrnoException: open failed: EROFS (Read-only file system)
05-07 01:43:50.423  9955  9977 W DefaultFailureHandler: 	at libcore.io.Linux.open(Native Method)
05-07 01:43:50.423  9955  9977 W DefaultFailureHandler: 	at libcore.io.ForwardingOs.open(ForwardingOs.java:166)
05-07 01:43:50.423  9955  9977 W DefaultFailureHandler: 	at libcore.io.BlockGuardOs.open(BlockGuardOs.java:254)
05-07 01:43:50.423  9955  9977 W DefaultFailureHandler: 	at libcore.io.ForwardingOs.open(ForwardingOs.java:166)
05-07 01:43:50.423  9955  9977 W DefaultFailureHandler: 	at android.app.ActivityThread$AndroidOs.open(ActivityThread.java:7542)
05-07 01:43:50.423  9955  9977 W DefaultFailureHandler: 	at libcore.io.IoBridge.open(IoBridge.java:478)
05-07 01:43:50.423  9955  9977 W DefaultFailureHandler: 	... 44 more
05-07 01:43:50.428   315   369 D goldfish-address-space: claimShared: Ask to claim region [0x3f4fd2000 0x3f54e2000]
05-07 01:43:50.482  9955  9955 W roup13zoosearc: Accessing hidden field Landroid/app/Activity;->mResultCode:I (greylist, reflection, allowed)
05-07 01:43:50.482  9955  9955 W roup13zoosearc: Accessing hidden field Landroid/app/Activity;->mResultData:Landroid/content/Intent; (greylist, reflection, allowed)
05-07 01:43:50.486  9955  9955 D LifecycleMonitor: Lifecycle status change: com.example.group13zoosearch.MainActivity@ec91762 in: PAUSED
05-07 01:43:50.488   511   991 W InputReader: Device virtio_input_multi_touch_9 is associated with display ADISPLAY_ID_NONE.
05-07 01:43:50.488   511   991 W InputReader: Device virtio_input_multi_touch_7 is associated with display ADISPLAY_ID_NONE.
05-07 01:43:50.488   511   991 W InputReader: Device virtio_input_multi_touch_10 is associated with display ADISPLAY_ID_NONE.
05-07 01:43:50.488   511   991 W InputReader: Device virtio_input_multi_touch_4 is associated with display ADISPLAY_ID_NONE.
05-07 01:43:50.488   511   991 W InputReader: Device virtio_input_multi_touch_11 is associated with display ADISPLAY_ID_NONE.
05-07 01:43:50.488   511   991 W InputReader: Device virtio_input_multi_touch_5 is associated with display ADISPLAY_ID_NONE.
05-07 01:43:50.488   511   991 W InputReader: Device virtio_input_multi_touch_2 is associated with display ADISPLAY_ID_NONE.
05-07 01:43:50.488   511   991 W InputReader: Device virtio_input_multi_touch_6 is associated with display ADISPLAY_ID_NONE.
05-07 01:43:50.488   511   991 W InputReader: Device virtio_input_multi_touch_3 is associated with display ADISPLAY_ID_NONE.
05-07 01:43:50.488   511   991 W InputReader: Device virtio_input_multi_touch_8 is associated with display ADISPLAY_ID_NONE.
05-07 01:43:50.488   511   991 W InputReader: Device virtio_input_multi_touch_9 is associated with display ADISPLAY_ID_NONE.
05-07 01:43:50.488   511   991 W InputReader: Device virtio_input_multi_touch_7 is associated with display ADISPLAY_ID_NONE.
05-07 01:43:50.488   511   991 W InputReader: Device virtio_input_multi_touch_10 is associated with display ADISPLAY_ID_NONE.
05-07 01:43:50.488   511   991 W InputReader: Device virtio_input_multi_touch_4 is associated with display ADISPLAY_ID_NONE.
05-07 01:43:50.488   511   991 W InputReader: Device virtio_input_multi_touch_11 is associated with display ADISPLAY_ID_NONE.
05-07 01:43:50.488   511   991 W InputReader: Device virtio_input_multi_touch_5 is associated with display ADISPLAY_ID_NONE.
05-07 01:43:50.488   511   991 W InputReader: Device virtio_input_multi_touch_2 is associated with display ADISPLAY_ID_NONE.
05-07 01:43:50.488   511   991 W InputReader: Device virtio_input_multi_touch_6 is associated with display ADISPLAY_ID_NONE.
05-07 01:43:50.488   511   991 W InputReader: Device virtio_input_multi_touch_3 is associated with display ADISPLAY_ID_NONE.
05-07 01:43:50.488   511   991 W InputReader: Device virtio_input_multi_touch_8 is associated with display ADISPLAY_ID_NONE.
05-07 01:43:50.493   511  8648 D HostConnection: HostConnection::get() New Host Connection established 0xb6311ab0, tid 8648
05-07 01:43:50.491  9955  9977 E TestRunner: failed: mainActivityTest(com.example.group13zoosearch.MainActivityTest)
05-07 01:43:50.494  9955  9977 E TestRunner: ----- begin exception -----
05-07 01:43:50.495  9955  9977 E TestRunner: java.lang.IncompatibleClassChangeError: Class 'org.hamcrest.StringDescription' does not implement interface 'java.lang.Iterable' in call to 'java.util.Iterator java.lang.Iterable.iterator()' (declaration of 'org.hamcrest.BaseDescription' appears in /data/app/~~h-9J6gT901f0-b3hSNAjRA==/com.example.group13zoosearch.test-By7GVytrUxTZYt9dbSRA8Q==/base.apk)
05-07 01:43:50.495  9955  9977 E TestRunner: 	at org.hamcrest.BaseDescription.appendValueList(BaseDescription.java:76)
05-07 01:43:50.495  9955  9977 E TestRunner: 	at androidx.test.espresso.matcher.BoundedDiagnosingMatcher.describeTo(BoundedDiagnosingMatcher.java:4)
05-07 01:43:50.495  9955  9977 E TestRunner: 	at org.hamcrest.BaseDescription.appendDescriptionOf(BaseDescription.java:24)
05-07 01:43:50.495  9955  9977 E TestRunner: 	at org.hamcrest.BaseDescription.appendList(BaseDescription.java:94)
05-07 01:43:50.495  9955  9977 E TestRunner: 	at org.hamcrest.BaseDescription.appendList(BaseDescription.java:85)
05-07 01:43:50.495  9955  9977 E TestRunner: 	at org.hamcrest.core.AllOf.describeTo(AllOf.java:38)
05-07 01:43:50.495  9955  9977 E TestRunner: 	at org.hamcrest.BaseDescription.appendDescriptionOf(BaseDescription.java:24)
05-07 01:43:50.495  9955  9977 E TestRunner: 	at org.hamcrest.StringDescription.toString(StringDescription.java:28)
05-07 01:43:50.495  9955  9977 E TestRunner: 	at org.hamcrest.BaseMatcher.toString(BaseMatcher.java:28)
05-07 01:43:50.495  9955  9977 E TestRunner: 	at java.util.Formatter$FormatSpecifier.printString(Formatter.java:2978)
05-07 01:43:50.495  9955  9977 E TestRunner: 	at java.util.Formatter$FormatSpecifier.print(Formatter.java:2855)
05-07 01:43:50.495  9955  9977 E TestRunner: 	at java.util.Formatter.format(Formatter.java:2524)
05-07 01:43:50.495  9955  9977 E TestRunner: 	at java.util.Formatter.format(Formatter.java:2459)
05-07 01:43:50.495  9955  9977 E TestRunner: 	at java.lang.String.format(String.java:2911)
05-07 01:43:50.495  9955  9977 E TestRunner: 	at androidx.test.espresso.ViewInteraction.doPerform(ViewInteraction.java:7)
05-07 01:43:50.495  9955  9977 E TestRunner: 	at androidx.test.espresso.ViewInteraction.-$$Nest$mdoPerform(Unknown Source:0)
05-07 01:43:50.495  9955  9977 E TestRunner: 	at androidx.test.espresso.ViewInteraction$1.call(ViewInteraction.java:5)
05-07 01:43:50.495  9955  9977 E TestRunner: 	at androidx.test.espresso.ViewInteraction$1.call(ViewInteraction.java:1)
05-07 01:43:50.495  9955  9977 E TestRunner: 	at java.util.concurrent.FutureTask.run(FutureTask.java:266)
05-07 01:43:50.495  9955  9977 E TestRunner: 	at android.os.Handler.handleCallback(Handler.java:938)
05-07 01:43:50.495  9955  9977 E TestRunner: 	at android.os.Handler.dispatchMessage(Handler.java:99)
05-07 01:43:50.495  9955  9977 E TestRunner: 	at android.os.Looper.loop(Looper.java:223)
05-07 01:43:50.495  9955  9977 E TestRunner: 	at android.app.ActivityThread.main(ActivityThread.java:7656)
05-07 01:43:50.495  9955  9977 E TestRunner: 	at java.lang.reflect.Method.invoke(Native Method)
05-07 01:43:50.495  9955  9977 E TestRunner: 	at com.android.internal.os.RuntimeInit$MethodAndArgsCaller.run(RuntimeInit.java:592)
05-07 01:43:50.495  9955  9977 E TestRunner: 	at com.android.internal.os.ZygoteInit.main(ZygoteInit.java:947)
05-07 01:43:50.495  9955  9977 E TestRunner: ----- end exception -----
05-07 01:43:50.498  9955  9977 I TestRunner: finished: mainActivityTest(com.example.group13zoosearch.MainActivityTest)
